// Jest Snapshot v1, https://goo.gl/fbAQLP

exports[`Avatar component aka Character.jsx renders individual character from Avatar component 1`] = `
<DocumentFragment>
  <figure>
    <img
      alt="idk"
    />
    <figcaption>
      <p>
        Name: idk
      </p>
      <p>
        Allies: animal
      </p>
    </figcaption>
  </figure>
</DocumentFragment>
`;
